[templates.hibotheme.com/clim/default/index-4.html]
[templates.hibotheme.com/clim/default/assets/css/bootstrap.min.css]
[templates.hibotheme.com/clim/default/assets/css/flaticon.css]
[templates.hibotheme.com/clim/default/assets/css/remixicon.css]
[templates.hibotheme.com/clim/default/assets/css/owl.carousel.min.css]
[templates.hibotheme.com/clim/default/assets/css/owl-theme-default-min.css]
[templates.hibotheme.com/clim/default/assets/css/odometer.min.css]
[templates.hibotheme.com/clim/default/assets/css/fancybox.css]
[templates.hibotheme.com/clim/default/assets/css/aos.css]
[templates.hibotheme.com/clim/default/assets/css/style.css]
[templates.hibotheme.com/clim/default/assets/css/responsive.css]
[backblue.gif]
[fade.gif]
[index.html]
[templates.hibotheme.com/clim/default/assets/css/dark-theme.css]
[templates.hibotheme.com/clim/default/assets/img/favicon.png]
[templates.hibotheme.com/clim/default/assets/img/uk.png]
[templates.hibotheme.com/clim/default/assets/img/china.png]
[templates.hibotheme.com/clim/default/assets/img/uae.png]
[templates.hibotheme.com/clim/default/index.html]
[templates.hibotheme.com/clim/default/assets/img/logo.png]
[templates.hibotheme.com/clim/default/assets/img/logo-white.png]
[templates.hibotheme.com/clim/default/index-2.html]
[templates.hibotheme.com/clim/default/index-3.html]
[templates.hibotheme.com/clim/default/index-5.html]
[templates.hibotheme.com/clim/default/about.html]
[templates.hibotheme.com/clim/default/project-one.html]
[templates.hibotheme.com/clim/default/project-two.html]
[templates.hibotheme.com/clim/default/project-details.html]
[templates.hibotheme.com/clim/default/event.html]
[templates.hibotheme.com/clim/default/event-details.html]
[templates.hibotheme.com/clim/default/team.html]
[templates.hibotheme.com/clim/default/team-details.html]
[templates.hibotheme.com/clim/default/donation.html]
[templates.hibotheme.com/clim/default/faq.html]
[templates.hibotheme.com/clim/default/login.html]
[templates.hibotheme.com/clim/default/register.html]
[templates.hibotheme.com/clim/default/recover-password.html]
[templates.hibotheme.com/clim/default/terms-of-service.html]
[templates.hibotheme.com/clim/default/privacy-policy.html]
[templates.hibotheme.com/clim/default/error-404.html]
[templates.hibotheme.com/clim/default/blog-no-sidebar.html]
[templates.hibotheme.com/clim/default/blog-left-sidebar.html]
[templates.hibotheme.com/clim/default/blog-right-sidebar.html]
[templates.hibotheme.com/clim/default/blog-details-no-sidebar.html]
[templates.hibotheme.com/clim/default/blog-details-left-sidebar.html]
[templates.hibotheme.com/clim/default/blog-details-right-sidebar.html]
[templates.hibotheme.com/clim/default/contact.html]
[templates.hibotheme.com/clim/default/assets/img/hero/hero-shape-10.jpg]
[templates.hibotheme.com/clim/default/assets/img/hero/hero-shape-3.png]
[templates.hibotheme.com/clim/default/assets/img/hero/hero-shape-11.png]
[templates.hibotheme.com/clim/default/assets/img/hero/cloud-3.png]
[templates.hibotheme.com/clim/default/assets/img/hero/hero-shape-5.png]
[templates.hibotheme.com/clim/default/assets/img/hero/hero-img-2.jpg]
[templates.hibotheme.com/clim/default/assets/img/about/about-img-3.png]
[templates.hibotheme.com/clim/default/assets/img/about/about-shape-1.png]
[templates.hibotheme.com/clim/default/assets/img/project/project-17.jpg]
[templates.hibotheme.com/clim/default/assets/img/project/project-18.jpg]
[templates.hibotheme.com/clim/default/assets/img/project/project-19.jpg]
[templates.hibotheme.com/clim/default/assets/img/project/project-20.jpg]
[templates.hibotheme.com/clim/default/assets/img/project/project-21.jpg]
[templates.hibotheme.com/clim/default/assets/img/project/project-22.jpg]
[templates.hibotheme.com/clim/default/assets/img/shape-12.png]
[templates.hibotheme.com/clim/default/assets/img/shape-5.png]
[templates.hibotheme.com/clim/default/assets/img/project/project-23.jpg]
[templates.hibotheme.com/clim/default/assets/img/event/event-11.jpg]
[templates.hibotheme.com/clim/default/assets/img/event/event-12.jpg]
[templates.hibotheme.com/clim/default/assets/img/event/event-13.jpg]
[templates.hibotheme.com/clim/default/assets/img/shape-11.png]
[templates.hibotheme.com/clim/default/assets/img/team/team-1.jpg]
[templates.hibotheme.com/clim/default/assets/img/team/team-2.jpg]
[templates.hibotheme.com/clim/default/assets/img/team/team-3.jpg]
[templates.hibotheme.com/clim/default/assets/img/team/team-4.jpg]
[templates.hibotheme.com/clim/default/assets/img/team/team-5.jpg]
[templates.hibotheme.com/clim/default/assets/img/team/team-6.jpg]
[templates.hibotheme.com/clim/default/assets/img/shape-6.png]
[templates.hibotheme.com/clim/default/assets/img/section-shape.png]
[templates.hibotheme.com/clim/default/assets/img/bird-2.png]
[templates.hibotheme.com/clim/default/assets/img/shape-7.png]
[templates.hibotheme.com/clim/default/assets/img/blog/blog-3.jpg]
[templates.hibotheme.com/clim/default/posts-by-date.html]
[templates.hibotheme.com/clim/default/assets/img/blog/blog-1.jpg]
[templates.hibotheme.com/clim/default/assets/img/blog/blog-2.jpg]
[templates.hibotheme.com/clim/default/assets/img/blog/blog-4.jpg]
[templates.hibotheme.com/clim/default/assets/img/blog/blog-5.jpg]
[templates.hibotheme.com/clim/default/assets/img/footer-shape-2.png]
[templates.hibotheme.com/clim/default/assets/img/footer-shape-3.png]
[templates.hibotheme.com/cdn-cgi/scripts/5c5dd728/cloudflare-static/email-decode.min.js]
[templates.hibotheme.com/clim/default/assets/js/jquery.min.js]
[templates.hibotheme.com/clim/default/assets/js/bootstrap.bundle.min.js]
[templates.hibotheme.com/clim/default/assets/js/form-validator.min.js]
[templates.hibotheme.com/clim/default/assets/js/contact-form-script.js]
[templates.hibotheme.com/clim/default/assets/js/aos.js]
[templates.hibotheme.com/clim/default/assets/js/owl.carousel.min.js]
[templates.hibotheme.com/clim/default/assets/js/owl-thumb.min.js]
[templates.hibotheme.com/clim/default/assets/js/odometer.js]
[templates.hibotheme.com/clim/default/assets/js/circle-progressbar.min.js]
[templates.hibotheme.com/clim/default/assets/js/fancybox.js]
[templates.hibotheme.com/clim/default/assets/js/jquery.appear.js]
[templates.hibotheme.com/clim/default/assets/js/tweenmax.min.js]
[templates.hibotheme.com/clim/default/index-4.html]
[templates.hibotheme.com/clim/default/assets/css/bootstrap.min.css]
[templates.hibotheme.com/clim/default/assets/js/main.js]
[templates.hibotheme.com/clim/default/assets/fonts/flaticon3abe.ttf]
[templates.hibotheme.com/clim/default/assets/fonts/flaticon3abe.woff]
[templates.hibotheme.com/clim/default/assets/fonts/flaticon3abe.woff2]
[templates.hibotheme.com/clim/default/assets/fonts/flaticon3abe.eot]
[templates.hibotheme.com/clim/default/assets/css/flaticon.css]
[templates.hibotheme.com/clim/default/assets/fonts/flaticon3abe.svg]
[templates.hibotheme.com/clim/default/assets/fonts/remixicon972e.woff2]
[templates.hibotheme.com/clim/default/assets/css/remixicon972e.woff]
[templates.hibotheme.com/clim/default/assets/fonts/remixicon972e.eot]
[templates.hibotheme.com/clim/default/assets/fonts/remixicon972e.ttf]
[templates.hibotheme.com/clim/default/assets/css/remixicon.css]
[templates.hibotheme.com/clim/default/assets/css/owl.video.play.png]
[templates.hibotheme.com/clim/default/assets/css/owl.carousel.min.css]
[templates.hibotheme.com/clim/default/assets/css/owl-theme-default-min.css]
[templates.hibotheme.com/clim/default/assets/css/odometer.min.css]
[templates.hibotheme.com/clim/default/assets/css/fancybox.css]
[templates.hibotheme.com/clim/default/assets/css/aos.css]
[templates.hibotheme.com/clim/default/assets/fonts/remixicon972e.svg]
[templates.hibotheme.com/clim/default/assets/img/down-arrow.png]
[templates.hibotheme.com/clim/default/assets/img/breadcrumb/breadcrumb-1.jpg]
[templates.hibotheme.com/clim/default/assets/img/promo-video-bg.jpg]
[templates.hibotheme.com/clim/default/assets/img/hero/hero-slider-1.jpg]
[templates.hibotheme.com/clim/default/assets/img/hero/hero-slider-2.jpg]
[templates.hibotheme.com/clim/default/assets/img/hero/hero-slider-3.jpg]
[templates.hibotheme.com/clim/default/assets/img/about/about-img-1.jpg]
[templates.hibotheme.com/clim/default/assets/img/promo-video-bg-2.jpg]
[templates.hibotheme.com/clim/default/assets/img/cta-bg-1.jpg]
[templates.hibotheme.com/clim/default/assets/css/style.css]
[templates.hibotheme.com/clim/default/assets/css/responsive.css]
[templates.hibotheme.com/clim/default/assets/img/night.png]
[templates.hibotheme.com/clim/default/assets/img/sunny.png]
[templates.hibotheme.com/clim/default/assets/img/down-arrow-white.png]
[templates.hibotheme.com/clim/default/assets/css/dark-theme.css]
[templates.hibotheme.com/clim/default/assets/img/hero/hero-shape-1.png]
[templates.hibotheme.com/clim/default/assets/img/hero/hero-shape-2.png]
[templates.hibotheme.com/clim/default/assets/img/hero/bird.png]
[templates.hibotheme.com/clim/default/assets/img/hero/sun.png]
[templates.hibotheme.com/clim/default/assets/img/hero/cloud.png]
[templates.hibotheme.com/clim/default/assets/img/hero/hero-shape-6.png]
[templates.hibotheme.com/clim/default/assets/img/hero/skull.png]
[templates.hibotheme.com/clim/default/assets/img/hero/hero-img-1.png]
[templates.hibotheme.com/clim/default/assets/img/project/project-1.jpg]
[templates.hibotheme.com/clim/default/assets/img/shape-1.png]
[templates.hibotheme.com/clim/default/assets/img/project/project-2.jpg]
[templates.hibotheme.com/clim/default/assets/img/project/project-3.jpg]
[templates.hibotheme.com/clim/default/assets/img/project/project-4.jpg]
[templates.hibotheme.com/clim/default/assets/img/project/project-6.jpg]
[templates.hibotheme.com/clim/default/assets/img/about/about-shape-2.png]
[templates.hibotheme.com/clim/default/assets/img/shape-2.png]
[templates.hibotheme.com/clim/default/assets/img/about/deer.png]
[templates.hibotheme.com/clim/default/assets/img/project/project-15.jpg]
[templates.hibotheme.com/clim/default/assets/img/project/project-11.jpg]
[templates.hibotheme.com/clim/default/assets/img/project/project-12.jpg]
[templates.hibotheme.com/clim/default/assets/img/project/project-13.jpg]
[templates.hibotheme.com/clim/default/assets/img/project/project-14.jpg]
[templates.hibotheme.com/clim/default/assets/img/project/project-16.jpg]
[templates.hibotheme.com/clim/default/assets/img/shape-13.png]
[templates.hibotheme.com/clim/default/assets/img/about/skull.png]
[templates.hibotheme.com/clim/default/assets/img/about/leaves.png]
[templates.hibotheme.com/clim/default/assets/img/event/event-1.jpg]
[templates.hibotheme.com/clim/default/assets/img/event/event-2.jpg]
[templates.hibotheme.com/clim/default/assets/img/team/team-shape-2.png]
[templates.hibotheme.com/clim/default/assets/img/bg-shape-5.png]
[templates.hibotheme.com/clim/default/assets/img/blog/author-1.jpg]
[templates.hibotheme.com/clim/default/posts-by-author.html]
[templates.hibotheme.com/clim/default/assets/img/blog/author-7.jpg]
[templates.hibotheme.com/clim/default/assets/img/blog/author-3.jpg]
[templates.hibotheme.com/clim/default/assets/img/blog/author-4.jpg]
[templates.hibotheme.com/clim/default/assets/img/blog/author-5.jpg]
[templates.hibotheme.com/clim/default/assets/img/footer-shape-1.png]
[templates.hibotheme.com/clim/default/assets/img/sun-2.png]
[templates.hibotheme.com/clim/default/assets/img/bird.png]
[templates.hibotheme.com/clim/default/index.html]
[templates.hibotheme.com/clim/default/assets/img/hero/hero-thumb-1.jpg]
[templates.hibotheme.com/clim/default/assets/img/hero/hero-thumb-2.jpg]
[templates.hibotheme.com/clim/default/assets/img/hero/hero-thumb-3.jpg]
[templates.hibotheme.com/clim/default/assets/img/shape-8.png]
[templates.hibotheme.com/clim/default/assets/img/shape-9.png]
[templates.hibotheme.com/clim/default/assets/img/about/about-img-2.png]
[templates.hibotheme.com/clim/default/assets/img/project/project-5.jpg]
[templates.hibotheme.com/clim/default/assets/img/bg-shape-2.png]
[templates.hibotheme.com/clim/default/assets/img/event/event-10.jpg]
[templates.hibotheme.com/clim/default/assets/img/team/team-shape-1.png]
[templates.hibotheme.com/clim/default/assets/img/team/team-7.jpg]
[templates.hibotheme.com/clim/default/index-2.html]
[templates.hibotheme.com/clim/default/index-3.html]
[templates.hibotheme.com/clim/default/assets/img/banner-video.mp4]
[templates.hibotheme.com/clim/default/index-5.html]
[templates.hibotheme.com/clim/default/about.html]
[templates.hibotheme.com/clim/default/project-one.html]
[templates.hibotheme.com/clim/default/project-two.html]
[templates.hibotheme.com/clim/default/assets/img/project/single-project-1.jpg]
[templates.hibotheme.com/clim/default/project-details.html]
[templates.hibotheme.com/clim/default/assets/img/event/event-3.jpg]
[templates.hibotheme.com/clim/default/assets/img/event/event-4.jpg]
[templates.hibotheme.com/clim/default/assets/img/event/event-5.jpg]
[templates.hibotheme.com/clim/default/assets/img/event/event-6.jpg]
[templates.hibotheme.com/clim/default/assets/img/blog/post-thumb-2.jpg]
[templates.hibotheme.com/clim/default/assets/img/blog/post-thumb-3.jpg]
[templates.hibotheme.com/clim/default/event.html]
[templates.hibotheme.com/clim/default/assets/img/event/single-event-1.jpg]
[templates.hibotheme.com/clim/default/assets/img/event/single-event-2.jpg]
[templates.hibotheme.com/clim/default/assets/img/event/single-event-3.jpg]
[templates.hibotheme.com/clim/default/event-details.html]
[templates.hibotheme.com/clim/default/posts-by-tag.html]
[templates.hibotheme.com/clim/default/assets/img/team/team-8.jpg]
[templates.hibotheme.com/clim/default/team.html]
[templates.hibotheme.com/clim/default/assets/img/team/single-team-1.jpg]
[templates.hibotheme.com/clim/default/assets/img/team/file.pdf]
[templates.hibotheme.com/clim/default/team-details.html]
[templates.hibotheme.com/clim/default/assets/img/project/single-donation-1.jpg]
[templates.hibotheme.com/clim/default/portfolio.html]
[templates.hibotheme.com/clim/default/appointment.html]
[templates.hibotheme.com/clim/default/pricing-plan.html]
[templates.hibotheme.com/clim/default/donation.html]
[templates.hibotheme.com/clim/default/faq.html]
[templates.hibotheme.com/clim/default/login.html]
[templates.hibotheme.com/clim/default/register.html]
[templates.hibotheme.com/clim/default/recover-password.html]
[templates.hibotheme.com/clim/default/terms-of-service.html]
[templates.hibotheme.com/clim/default/privacy-policy.html]
[templates.hibotheme.com/clim/default/assets/img/404.png]
[templates.hibotheme.com/clim/default/error-404.html]
[templates.hibotheme.com/clim/default/assets/img/blog/author-6.jpg]
[templates.hibotheme.com/clim/default/assets/img/blog/author-2.jpg]
[templates.hibotheme.com/clim/default/assets/img/blog/author-8.jpg]
[templates.hibotheme.com/clim/default/blog-no-sidebar.html]
[templates.hibotheme.com/clim/default/posts-by-category.html]
[templates.hibotheme.com/clim/default/assets/img/blog/post-thumb-1.jpg]
[templates.hibotheme.com/clim/default/blog-left-sidebar.html]
[templates.hibotheme.com/clim/default/blog-right-sidebar.html]
[templates.hibotheme.com/clim/default/assets/img/blog/single-blog-1.jpg]
[templates.hibotheme.com/clim/default/assets/img/blog/single-blog-2.jpg]
[templates.hibotheme.com/clim/default/assets/img/blog/single-blog-3.jpg]
[templates.hibotheme.com/clim/default/blog-details-no-sidebar.html]
[templates.hibotheme.com/clim/default/blog-details-left-sidebar.html]
[templates.hibotheme.com/clim/default/blog-details-right-sidebar.html]
[templates.hibotheme.com/clim/default/contact.html]
[templates.hibotheme.com/clim/default/posts-by-date.html]
[templates.hibotheme.com/clim/default/assets/fonts/flaticon3abe.svg]
[templates.hibotheme.com/clim/default/assets/css/remixicon972e.html]
[templates.hibotheme.com/clim/default/assets/fonts/remixicon972e.svg]
[templates.hibotheme.com/clim/default/assets/css/owl.video.play.html]
[templates.hibotheme.com/clim/default/posts-by-author.html]
[templates.hibotheme.com/clim/default/assets/img/bird.html]
[templates.hibotheme.com/clim/default/posts-by-tag.html]
[templates.hibotheme.com/clim/default/portfolio.html]
[templates.hibotheme.com/clim/default/appointment.html]
[templates.hibotheme.com/clim/default/pricing-plan.html]
[templates.hibotheme.com/clim/default/posts-by-category.html]
